2026-09-19T16:58:00.6476865+08:00	Information	App	车载端启动：agvId=AGV-L2-001，environment=Development，version=0.2.0-safety-mock-travel+c97d51b50d1a1f2ee6b6c0a2304fff899cfa5b56。
2026-09-19T16:58:02.5353104+08:00	Information	ModbusTcpIoModuleClient	已连接IO模块 127.0.0.1:48412，UnitId=255。
2026-09-19T16:58:02.6092498+08:00	Information	OnboardController	IO模块在线。
2026-09-19T16:58:02.6113399+08:00	Information	OnboardController	启动IO安全快照验证通过。
2026-09-19T16:58:03.4933349+08:00	Information	WireToGateSessionService	上层会话已建立：generation=1，readiness=Ready。
2026-09-19T16:58:13.1852609+08:00	Information	App	服务端请求录入Sublot：station=N1-3_N1-7，revision=1，expectedSublots=H119-20260919T085721618Z。 
2026-09-19T16:58:13.9737765+08:00	Information	App	服务端请求录入Sublot：station=N1-3_N1-7，revision=1，expectedSublots=H119-20260919T085721618Z。 
2026-09-19T16:58:14.2847428+08:00	Information	ModbusTcpIoModuleClient	已向物理1号仓发送开锁脉冲触发，DO地址=100。硬件负责自动复位。 
2026-09-19T16:58:14.3135164+08:00	Information	ModbusTcpIoModuleClient	1号仓IO变化：DO 0->1，锁DI 1->1，光幕DI 1->1。
2026-09-19T16:58:14.4302304+08:00	Information	ModbusTcpIoModuleClient	1号仓IO变化：DO 1->1，锁DI 1->0，光幕DI 1->1。
2026-09-19T16:58:14.8683579+08:00	Information	ModbusTcpIoModuleClient	1号仓IO变化：DO 1->0，锁DI 0->0，光幕DI 1->1。
2026-09-19T16:58:14.9716078+08:00	Information	WireToGateBusinessService	忽略并发重复SlotOperationCommand：attempt=74ccd53a-dd26-1855-8a28-5a4a29cb6fa0。
2026-09-19T16:58:17.3322022+08:00	Information	App	车载端启动：agvId=AGV-L2-001，environment=Development，version=0.2.0-safety-mock-travel+c97d51b50d1a1f2ee6b6c0a2304fff899cfa5b56。
2026-09-19T16:58:18.7742203+08:00	Information	ModbusTcpIoModuleClient	已连接IO模块 127.0.0.1:48412，UnitId=255。
2026-09-19T16:58:18.7958273+08:00	Information	OnboardController	IO模块在线。
2026-09-19T16:58:18.7977951+08:00	Information	OnboardController	启动IO安全快照验证通过。
2026-09-19T16:58:19.3683235+08:00	Warning	WireToGateBusinessService	上次仓位操作在执行中中断，未再输出开锁，按实时IO结算：attempt=74ccd53a-dd26-1855-8a28-5a4a29cb6fa0，outcome=UNKNOWN，checkpoint=SAFE_FINISH_REACHED。
2026-09-19T16:58:19.3926696+08:00	Information	WireToGateSessionService	上层会话已建立：generation=2，readiness=RecoveryRequired。
2026-09-19T16:58:21.3943143+08:00	Information	App	车载端启动：agvId=AGV-L2-001，environment=Development，version=0.2.0-safety-mock-travel+c97d51b50d1a1f2ee6b6c0a2304fff899cfa5b56。
2026-09-19T16:58:23.4071924+08:00	Information	ModbusTcpIoModuleClient	已连接IO模块 127.0.0.1:48412，UnitId=255。
2026-09-19T16:58:23.4478477+08:00	Information	OnboardController	IO模块在线。
2026-09-19T16:58:23.4496385+08:00	Information	OnboardController	启动IO安全快照验证通过。
2026-09-19T16:58:23.9907913+08:00	Information	WireToGateSessionService	上层会话已建立：generation=3，readiness=RecoveryRequired。
2026-09-19T16:58:29.2870313+08:00	Information	ModbusTcpIoModuleClient	1号仓IO变化：DO 0->0，锁DI 1->0，光幕DI 1->1。
2026-09-19T16:58:32.0543434+08:00	Warning	WireToGateBusinessService	收到SlotOperationResumeCommand但未执行物理动作：attempt=74ccd53a-dd26-1855-8a28-5a4a29cb6fa0，reason=LOCK_NOT_CLOSED。
2026-09-19T16:58:36.4355660+08:00	Information	ModbusTcpIoModuleClient	1号仓IO变化：DO 0->0，锁DI 0->1，光幕DI 1->1。
