  Determining projects to restore...
  Restored C:\Users\szy\Desktop\8005-workspace-v2\worktrees\rig-hmi119-8005-agv-control-server\src\ControlServer.Domain\ControlServer.Domain.csproj (in 261 ms).
  Restored C:\Users\szy\Desktop\8005-workspace-v2\worktrees\rig-hmi119-8005-agv-control-server\tools\ControlServer.FakeOnboard\ControlServer.FakeOnboard.csproj (in 283 ms).
  Restored C:\Users\szy\Desktop\8005-workspace-v2\worktrees\rig-hmi119-8005-agv-control-server\tools\ControlServer.Conformance\ControlServer.Conformance.csproj (in 304 ms).
  Restored C:\Users\szy\Desktop\8005-workspace-v2\worktrees\rig-hmi119-8005-agv-control-server\tools\ControlServer.TestDoubles\ControlServer.TestDoubles.csproj (in 252 ms).
  Restored C:\Users\szy\Desktop\8005-workspace-v2\worktrees\rig-hmi119-8005-agv-control-server\src\ControlServer.Dashboard\ControlServer.Dashboard.csproj (in 347 ms).
  Restored C:\Users\szy\Desktop\8005-workspace-v2\worktrees\rig-hmi119-8005-agv-control-server\tools\ControlServer.ClockSkewProxy\ControlServer.ClockSkewProxy.csproj (in 405 ms).
  Restored C:\Users\szy\Desktop\8005-workspace-v2\worktrees\rig-hmi119-8005-agv-control-server\tools\ControlServer.FakeRiot\ControlServer.FakeRiot.csproj (in 397 ms).
  Restored C:\Users\szy\Desktop\8005-workspace-v2\worktrees\rig-hmi119-8005-agv-control-server\tools\ControlServer.ProtocolFaultProxy\ControlServer.ProtocolFaultProxy.csproj (in 7 ms).
  Restored C:\Users\szy\Desktop\8005-workspace-v2\worktrees\rig-hmi119-8005-agv-control-server\src\ControlServer.Application\ControlServer.Application.csproj (in 8 ms).
  Restored C:\Users\szy\Desktop\8005-workspace-v2\worktrees\rig-hmi119-8005-agv-control-server\tools\ControlServer.FieldOps\ControlServer.FieldOps.csproj (in 1.3 sec).
  Restored C:\Users\szy\Desktop\8005-workspace-v2\worktrees\rig-hmi119-8005-agv-control-server\tools\ControlServer.SchemaConformance\ControlServer.SchemaConformance.csproj (in 1.3 sec).
  Restored C:\Users\szy\Desktop\8005-workspace-v2\worktrees\rig-hmi119-8005-agv-control-server\tools\ControlServer.FakeMesIngest\ControlServer.FakeMesIngest.csproj (in 1.3 sec).
  Restored C:\Users\szy\Desktop\8005-workspace-v2\worktrees\rig-hmi119-8005-agv-control-server\src\ControlServer.Infrastructure\ControlServer.Infrastructure.csproj (in 1.31 sec).
  Restored C:\Users\szy\Desktop\8005-workspace-v2\worktrees\rig-hmi119-8005-agv-control-server\src\ControlServer.Host\ControlServer.Host.csproj (in 986 ms).
  Restored C:\Users\szy\Desktop\8005-workspace-v2\worktrees\rig-hmi119-8005-agv-control-server\tests\ControlServer.Tests\ControlServer.Tests.csproj (in 1.45 sec).
  ControlServer.Domain -> C:\Users\szy\Desktop\8005-workspace-v2\worktrees\rig-hmi119-8005-agv-control-server\src\ControlServer.Domain\bin\Release\net8.0\win-x64\ControlServer.Domain.dll
  ControlServer.TestDoubles -> C:\Users\szy\Desktop\8005-workspace-v2\worktrees\rig-hmi119-8005-agv-control-server\tools\ControlServer.TestDoubles\bin\Release\net8.0\win-x64\ControlServer.TestDoubles.dll
  ControlServer.Application -> C:\Users\szy\Desktop\8005-workspace-v2\worktrees\rig-hmi119-8005-agv-control-server\src\ControlServer.Application\bin\Release\net8.0\win-x64\ControlServer.Application.dll
  ControlServer.FakeOnboard -> C:\Users\szy\Desktop\8005-workspace-v2\worktrees\rig-hmi119-8005-agv-control-server\tools\ControlServer.FakeOnboard\bin\Release\net8.0\win-x64\ControlServer.FakeOnboard.dll
  ControlServer.SchemaConformance -> C:\Users\szy\Desktop\8005-workspace-v2\worktrees\rig-hmi119-8005-agv-control-server\tools\ControlServer.SchemaConformance\bin\Release\net8.0\win-x64\ControlServer.SchemaConformance.dll
  ControlServer.Conformance -> C:\Users\szy\Desktop\8005-workspace-v2\worktrees\rig-hmi119-8005-agv-control-server\tools\ControlServer.Conformance\bin\Release\net8.0\win-x64\ControlServer.Conformance.dll
  ControlServer.ClockSkewProxy -> C:\Users\szy\Desktop\8005-workspace-v2\worktrees\rig-hmi119-8005-agv-control-server\tools\ControlServer.ClockSkewProxy\bin\Release\net8.0\win-x64\ControlServer.ClockSkewProxy.dll
  ControlServer.FakeRiot -> C:\Users\szy\Desktop\8005-workspace-v2\worktrees\rig-hmi119-8005-agv-control-server\tools\ControlServer.FakeRiot\bin\Release\net8.0\win-x64\ControlServer.FakeRiot.dll
  ControlServer.Dashboard -> C:\Users\szy\Desktop\8005-workspace-v2\worktrees\rig-hmi119-8005-agv-control-server\src\ControlServer.Dashboard\bin\Release\net8.0\win-x64\ControlServer.Dashboard.dll
  ControlServer.ProtocolFaultProxy -> C:\Users\szy\Desktop\8005-workspace-v2\worktrees\rig-hmi119-8005-agv-control-server\tools\ControlServer.ProtocolFaultProxy\bin\Release\net8.0\win-x64\ControlServer.ProtocolFaultProxy.dll
  ControlServer.Infrastructure -> C:\Users\szy\Desktop\8005-workspace-v2\worktrees\rig-hmi119-8005-agv-control-server\src\ControlServer.Infrastructure\bin\Release\net8.0\win-x64\ControlServer.Infrastructure.dll
  ControlServer.FieldOps -> C:\Users\szy\Desktop\8005-workspace-v2\worktrees\rig-hmi119-8005-agv-control-server\tools\ControlServer.FieldOps\bin\Release\net8.0\win-x64\ControlServer.FieldOps.dll
  ControlServer.FakeMesIngest -> C:\Users\szy\Desktop\8005-workspace-v2\worktrees\rig-hmi119-8005-agv-control-server\tools\ControlServer.FakeMesIngest\bin\Release\net8.0\win-x64\ControlServer.FakeMesIngest.dll
  ControlServer.Host -> C:\Users\szy\Desktop\8005-workspace-v2\worktrees\rig-hmi119-8005-agv-control-server\src\ControlServer.Host\bin\Release\net8.0\win-x64\ControlServer.Host.dll
  ControlServer.Tests -> C:\Users\szy\Desktop\8005-workspace-v2\worktrees\rig-hmi119-8005-agv-control-server\tests\ControlServer.Tests\bin\Release\net8.0\win-x64\ControlServer.Tests.dll

Build succeeded.
    0 Warning(s)
    0 Error(s)

Time Elapsed 00:00:31.51
