2026-09-20T09:05:05.2458988+08:00	Information	App	车载端启动：agvId=AGV-L2-001，environment=Development，version=0.2.0-safety-mock-travel+881aa990e1ab1269975bf9f3cb2cd26a4791f6a3。
2026-09-20T09:05:06.4628488+08:00	Information	ModbusTcpIoModuleClient	已连接IO模块 127.0.0.1:48412，UnitId=255。
2026-09-20T09:05:06.4803946+08:00	Information	OnboardController	IO模块在线。
2026-09-20T09:05:06.4815135+08:00	Information	OnboardController	启动IO安全快照验证通过。
2026-09-20T09:05:09.2425030+08:00	Information	WireToGateSessionService	上层会话已建立：generation=1，readiness=Ready。
2026-09-20T09:05:22.2069154+08:00	Information	App	服务端请求录入Sublot：station=N1-3_N1-7，revision=1，expectedSublots=L2-CR-20260920T010422824Z。 
2026-09-20T09:05:22.8845950+08:00	Information	App	服务端请求录入Sublot：station=N1-3_N1-7，revision=1，expectedSublots=L2-CR-20260920T010422824Z。 
2026-09-20T09:05:23.7065732+08:00	Information	App	服务端请求录入Sublot：station=N1-3_N1-7，revision=1，expectedSublots=L2-CR-20260920T010422824Z。 
2026-09-20T09:05:24.1102758+08:00	Information	ModbusTcpIoModuleClient	已向物理1号仓发送开锁脉冲触发，DO地址=100。硬件负责自动复位。 
2026-09-20T09:05:24.2070238+08:00	Information	ModbusTcpIoModuleClient	1号仓IO变化：DO 0->1，锁DI 1->1，光幕DI 1->1。
2026-09-20T09:05:24.3648984+08:00	Information	ModbusTcpIoModuleClient	1号仓IO变化：DO 1->1，锁DI 1->0，光幕DI 1->1。
2026-09-20T09:05:24.6321328+08:00	Information	WireToGateBusinessService	忽略并发重复SlotOperationCommand：attempt=b893f107-dd38-fc55-a425-c8ce700e7b03。
2026-09-20T09:05:24.6988273+08:00	Information	ModbusTcpIoModuleClient	1号仓IO变化：DO 1->0，锁DI 0->0，光幕DI 1->1。
2026-09-20T09:05:25.9899056+08:00	Information	App	车载端启动：agvId=AGV-L2-001，environment=Development，version=0.2.0-safety-mock-travel+881aa990e1ab1269975bf9f3cb2cd26a4791f6a3。
2026-09-20T09:05:26.4148050+08:00	Information	ModbusTcpIoModuleClient	已连接IO模块 127.0.0.1:48412，UnitId=255。
2026-09-20T09:05:26.4211308+08:00	Information	OnboardController	IO模块在线。
2026-09-20T09:05:26.4226047+08:00	Information	OnboardController	启动IO安全快照验证通过。
2026-09-20T09:05:27.1798165+08:00	Warning	WireToGateBusinessService	上次仓位操作在执行中中断，未再输出开锁，按实时IO结算：attempt=b893f107-dd38-fc55-a425-c8ce700e7b03，outcome=UNKNOWN，checkpoint=SAFE_FINISH_REACHED。
2026-09-20T09:05:27.1932616+08:00	Information	WireToGateSessionService	上层会话已建立：generation=2，readiness=RecoveryRequired。
2026-09-20T09:05:33.2088047+08:00	Warning	WireToGateSessionService	上层会话不可用：WIRE_TO_GATE会话尚未建立。。将在2秒后重连。
2026-09-20T09:05:35.7281832+08:00	Information	WireToGateSessionService	上层会话已建立：generation=3，readiness=Ready。
2026-09-20T09:05:43.1098898+08:00	Information	App	服务端请求录入Sublot：station=N1-3_N1-7，revision=3，expectedSublots=L2-CR-20260920T010422824Z-NEXT。 
