2026-09-20T08:03:22.4984736+08:00	Information	App	车载端启动：agvId=AGV-L2-001，environment=Development，version=0.2.0-safety-mock-travel+6d8bd18eb4867198187c9c4a2c68e167631a9dda。
2026-09-20T08:03:23.1550900+08:00	Information	ModbusTcpIoModuleClient	已连接IO模块 127.0.0.1:48412，UnitId=255。
2026-09-20T08:03:23.1765177+08:00	Information	OnboardController	IO模块在线。
2026-09-20T08:03:23.1789372+08:00	Information	OnboardController	启动IO安全快照验证通过。
2026-09-20T08:03:23.9390171+08:00	Information	WireToGateSessionService	上层会话已建立：generation=1，readiness=Ready。
2026-09-20T08:03:33.2383848+08:00	Information	App	服务端请求录入Sublot：station=N1-3_N1-7，revision=1，expectedSublots=L2-CR-20260920T000247731Z。 
2026-09-20T08:03:33.9477201+08:00	Information	App	服务端请求录入Sublot：station=N1-3_N1-7，revision=1，expectedSublots=L2-CR-20260920T000247731Z。 
2026-09-20T08:03:34.3195513+08:00	Information	ModbusTcpIoModuleClient	已向物理1号仓发送开锁脉冲触发，DO地址=100。硬件负责自动复位。 
2026-09-20T08:03:34.3939579+08:00	Information	ModbusTcpIoModuleClient	1号仓IO变化：DO 0->1，锁DI 1->1，光幕DI 1->1。
2026-09-20T08:03:34.5206831+08:00	Information	ModbusTcpIoModuleClient	1号仓IO变化：DO 1->1，锁DI 1->0，光幕DI 1->1。
2026-09-20T08:03:34.8683825+08:00	Information	ModbusTcpIoModuleClient	1号仓IO变化：DO 1->0，锁DI 0->0，光幕DI 1->1。
2026-09-20T08:03:35.1320469+08:00	Information	WireToGateBusinessService	忽略并发重复SlotOperationCommand：attempt=af7c0ffe-0fbc-bc52-b7bc-be86ba8d0ecf。
2026-09-20T08:03:36.1366501+08:00	Information	App	车载端启动：agvId=AGV-L2-001，environment=Development，version=0.2.0-safety-mock-travel+6d8bd18eb4867198187c9c4a2c68e167631a9dda。
2026-09-20T08:03:36.5874813+08:00	Information	ModbusTcpIoModuleClient	已连接IO模块 127.0.0.1:48412，UnitId=255。
2026-09-20T08:03:36.5969501+08:00	Information	OnboardController	IO模块在线。
2026-09-20T08:03:36.5980390+08:00	Information	OnboardController	启动IO安全快照验证通过。
2026-09-20T08:03:37.0454219+08:00	Warning	WireToGateBusinessService	上次仓位操作在执行中中断，未再输出开锁，按实时IO结算：attempt=af7c0ffe-0fbc-bc52-b7bc-be86ba8d0ecf，outcome=UNKNOWN，checkpoint=SAFE_FINISH_REACHED。
2026-09-20T08:03:37.0770620+08:00	Information	WireToGateSessionService	上层会话已建立：generation=2，readiness=RecoveryRequired。
2026-09-20T08:03:41.0866543+08:00	Warning	WireToGateSessionService	上层会话不可用：WIRE_TO_GATE会话尚未建立。。将在2秒后重连。
2026-09-20T08:03:43.4101197+08:00	Information	WireToGateSessionService	上层会话已建立：generation=3，readiness=Ready。
2026-09-20T08:03:49.2871918+08:00	Information	App	服务端请求录入Sublot：station=N1-3_N1-7，revision=3，expectedSublots=L2-CR-20260920T000247731Z-NEXT。 
