Test run for C:\Users\szy\Desktop\8005-workspace-v2\worktrees\hmi228-8005-agv-onboard-hmi\tests\SQCD.Agv.WireToGateG2Tests\bin\Release\net8.0-windows\win-x64\SQCD.Agv.WireToGateG2Tests.dll (.NETCoreApp,Version=v8.0)
VSTest version 17.11.1 (x64)

Starting test execution, please wait...
A total of 1 test files matched the specified pattern.
[xUnit.net 00:00:06.74]     SQCD.Agv.WireToGateG2Tests.WaitingPointIdleReturnG2Tests.AnIdleReturnIsShownAsANonBusinessStopOnTheWayAndAtThePoint [FAIL]
[xUnit.net 00:00:06.75]     SQCD.Agv.WireToGateG2Tests.MultiDemandJourneyG2Tests.ARefusalAtANewerRevisionWhileTheWorklistIsAnotherStationDoesNotKeepTheRequest [FAIL]
  Failed SQCD.Agv.WireToGateG2Tests.MultiDemandJourneyG2Tests.ARefusalAtANewerRevisionWhileTheWorklistIsAnotherStationDoesNotKeepTheRequest [5 s]
  Error Message:
   Timed out after 5s waiting for: view model showed the refusal of SUBLOT-GATE. UI errors: []
  Stack Trace:
     at SQCD.Agv.WireToGateG2Tests.MultiDemandJourneyG2Tests.Harness.WaitUntilAsync(Func`1 predicate, String expectation, CancellationToken cancellationToken) in C:\Users\szy\Desktop\8005-workspace-v2\worktrees\hmi228-8005-agv-onboard-hmi\tests\SQCD.Agv.WireToGateG2Tests\MultiDemandJourneyG2Tests.cs:line 607
   at SQCD.Agv.WireToGateG2Tests.MultiDemandJourneyG2Tests.WaitForRefusalOnScreenAsync(Harness harness, String sublot, CancellationToken token) in C:\Users\szy\Desktop\8005-workspace-v2\worktrees\hmi228-8005-agv-onboard-hmi\tests\SQCD.Agv.WireToGateG2Tests\MultiDemandJourneyG2Tests.EntryRequestExpiry.cs:line 633
   at SQCD.Agv.WireToGateG2Tests.MultiDemandJourneyG2Tests.ARefusalAtANewerRevisionWhileTheWorklistIsAnotherStationDoesNotKeepTheRequest() in C:\Users\szy\Desktop\8005-workspace-v2\worktrees\hmi228-8005-agv-onboard-hmi\tests\SQCD.Agv.WireToGateG2Tests\MultiDemandJourneyG2Tests.EntryRequestExpiry.cs:line 393
   at SQCD.Agv.WireToGateG2Tests.MultiDemandJourneyG2Tests.ARefusalAtANewerRevisionWhileTheWorklistIsAnotherStationDoesNotKeepTheRequest() in C:\Users\szy\Desktop\8005-workspace-v2\worktrees\hmi228-8005-agv-onboard-hmi\tests\SQCD.Agv.WireToGateG2Tests\MultiDemandJourneyG2Tests.EntryRequestExpiry.cs:line 400
--- End of stack trace from previous location ---
  Failed SQCD.Agv.WireToGateG2Tests.WaitingPointIdleReturnG2Tests.AnIdleReturnIsShownAsANonBusinessStopOnTheWayAndAtThePoint [5 s]
  Error Message:
   Timed out after 5s waiting for: the arrived waiting-point leg to be shown in the status and the visit text. UI errors: []
  Stack Trace:
     at SQCD.Agv.WireToGateG2Tests.MultiDemandJourneyG2Tests.Harness.WaitUntilAsync(Func`1 predicate, String expectation, CancellationToken cancellationToken) in C:\Users\szy\Desktop\8005-workspace-v2\worktrees\hmi228-8005-agv-onboard-hmi\tests\SQCD.Agv.WireToGateG2Tests\MultiDemandJourneyG2Tests.cs:line 607
   at SQCD.Agv.WireToGateG2Tests.WaitingPointIdleReturnG2Tests.AnIdleReturnIsShownAsANonBusinessStopOnTheWayAndAtThePoint() in C:\Users\szy\Desktop\8005-workspace-v2\worktrees\hmi228-8005-agv-onboard-hmi\tests\SQCD.Agv.WireToGateG2Tests\WaitingPointIdleReturnG2Tests.cs:line 87
   at SQCD.Agv.WireToGateG2Tests.WaitingPointIdleReturnG2Tests.AnIdleReturnIsShownAsANonBusinessStopOnTheWayAndAtThePoint() in C:\Users\szy\Desktop\8005-workspace-v2\worktrees\hmi228-8005-agv-onboard-hmi\tests\SQCD.Agv.WireToGateG2Tests\WaitingPointIdleReturnG2Tests.cs:line 95
--- End of stack trace from previous location ---
[xUnit.net 00:00:11.86]     SQCD.Agv.WireToGateG2Tests.StationDeadlineExpiredG2Tests.AfterAMidSessionSnapshotAckIsLostTheNextSafetyStateTakesAHigherVersion [FAIL]
[xUnit.net 00:00:11.95]     SQCD.Agv.WireToGateG2Tests.MultiDemandJourneyG2Tests.AServerRefusalAfterASameStopRevisionAdvanceKeepsTheEntryOpenForARescan [FAIL]
  Failed SQCD.Agv.WireToGateG2Tests.StationDeadlineExpiredG2Tests.AfterAMidSessionSnapshotAckIsLostTheNextSafetyStateTakesAHigherVersion [10 s]
  Error Message:
   Timed out after 10s waiting for: the requested SafetyStateSnapshot

  Stack Trace:
     at SQCD.Agv.WireToGateG2Tests.StationDeadlineExpiredG2Tests.Harness.WaitUntilAsync(Func`1 predicate, String expectation, CancellationToken cancellationToken, Func`1 describe) in C:\Users\szy\Desktop\8005-workspace-v2\worktrees\hmi228-8005-agv-onboard-hmi\tests\SQCD.Agv.WireToGateG2Tests\StationDeadlineExpiredG2Tests.cs:line 596
   at SQCD.Agv.WireToGateG2Tests.StationDeadlineExpiredG2Tests.AfterAMidSessionSnapshotAckIsLostTheNextSafetyStateTakesAHigherVersion() in C:\Users\szy\Desktop\8005-workspace-v2\worktrees\hmi228-8005-agv-onboard-hmi\tests\SQCD.Agv.WireToGateG2Tests\StationDeadlineExpiredG2Tests.ExpectedActionOverdue.cs:line 208
   at SQCD.Agv.WireToGateG2Tests.StationDeadlineExpiredG2Tests.AfterAMidSessionSnapshotAckIsLostTheNextSafetyStateTakesAHigherVersion() in C:\Users\szy\Desktop\8005-workspace-v2\worktrees\hmi228-8005-agv-onboard-hmi\tests\SQCD.Agv.WireToGateG2Tests\StationDeadlineExpiredG2Tests.ExpectedActionOverdue.cs:line 235
--- End of stack trace from previous location ---
  Failed SQCD.Agv.WireToGateG2Tests.MultiDemandJourneyG2Tests.AServerRefusalAfterASameStopRevisionAdvanceKeepsTheEntryOpenForARescan [5 s]
  Error Message:
   Timed out after 5s waiting for: view model showed the refusal of SUBLOT-A. UI errors: []
  Stack Trace:
     at SQCD.Agv.WireToGateG2Tests.MultiDemandJourneyG2Tests.Harness.WaitUntilAsync(Func`1 predicate, String expectation, CancellationToken cancellationToken) in C:\Users\szy\Desktop\8005-workspace-v2\worktrees\hmi228-8005-agv-onboard-hmi\tests\SQCD.Agv.WireToGateG2Tests\MultiDemandJourneyG2Tests.cs:line 607
   at SQCD.Agv.WireToGateG2Tests.MultiDemandJourneyG2Tests.WaitForRefusalOnScreenAsync(Harness harness, String sublot, CancellationToken token) in C:\Users\szy\Desktop\8005-workspace-v2\worktrees\hmi228-8005-agv-onboard-hmi\tests\SQCD.Agv.WireToGateG2Tests\MultiDemandJourneyG2Tests.EntryRequestExpiry.cs:line 633
   at SQCD.Agv.WireToGateG2Tests.MultiDemandJourneyG2Tests.AServerRefusalAfterASameStopRevisionAdvanceKeepsTheEntryOpenForARescan() in C:\Users\szy\Desktop\8005-workspace-v2\worktrees\hmi228-8005-agv-onboard-hmi\tests\SQCD.Agv.WireToGateG2Tests\MultiDemandJourneyG2Tests.EntryRequestExpiry.cs:line 322
   at SQCD.Agv.WireToGateG2Tests.MultiDemandJourneyG2Tests.AServerRefusalAfterASameStopRevisionAdvanceKeepsTheEntryOpenForARescan() in C:\Users\szy\Desktop\8005-workspace-v2\worktrees\hmi228-8005-agv-onboard-hmi\tests\SQCD.Agv.WireToGateG2Tests\MultiDemandJourneyG2Tests.EntryRequestExpiry.cs:line 334
--- End of stack trace from previous location ---
[xUnit.net 00:00:17.12]     SQCD.Agv.WireToGateG2Tests.MultiDemandJourneyG2Tests.AStaleWorklistRefusalWithdrawsTheRequestEvenBeforeTheClosureSnapshot [FAIL]
  Failed SQCD.Agv.WireToGateG2Tests.MultiDemandJourneyG2Tests.AStaleWorklistRefusalWithdrawsTheRequestEvenBeforeTheClosureSnapshot [5 s]
  Error Message:
   Timed out after 5s waiting for: view model showed the refusal of SUBLOT-A. UI errors: []
  Stack Trace:
     at SQCD.Agv.WireToGateG2Tests.MultiDemandJourneyG2Tests.Harness.WaitUntilAsync(Func`1 predicate, String expectation, CancellationToken cancellationToken) in C:\Users\szy\Desktop\8005-workspace-v2\worktrees\hmi228-8005-agv-onboard-hmi\tests\SQCD.Agv.WireToGateG2Tests\MultiDemandJourneyG2Tests.cs:line 607
   at SQCD.Agv.WireToGateG2Tests.MultiDemandJourneyG2Tests.WaitForRefusalOnScreenAsync(Harness harness, String sublot, CancellationToken token) in C:\Users\szy\Desktop\8005-workspace-v2\worktrees\hmi228-8005-agv-onboard-hmi\tests\SQCD.Agv.WireToGateG2Tests\MultiDemandJourneyG2Tests.EntryRequestExpiry.cs:line 633
   at SQCD.Agv.WireToGateG2Tests.MultiDemandJourneyG2Tests.AStaleWorklistRefusalWithdrawsTheRequestEvenBeforeTheClosureSnapshot() in C:\Users\szy\Desktop\8005-workspace-v2\worktrees\hmi228-8005-agv-onboard-hmi\tests\SQCD.Agv.WireToGateG2Tests\MultiDemandJourneyG2Tests.EntryRequestExpiry.cs:line 424
   at SQCD.Agv.WireToGateG2Tests.MultiDemandJourneyG2Tests.AStaleWorklistRefusalWithdrawsTheRequestEvenBeforeTheClosureSnapshot() in C:\Users\szy\Desktop\8005-workspace-v2\worktrees\hmi228-8005-agv-onboard-hmi\tests\SQCD.Agv.WireToGateG2Tests\MultiDemandJourneyG2Tests.EntryRequestExpiry.cs:line 442
--- End of stack trace from previous location ---

Failed!  - Failed:     5, Passed:     0, Skipped:     0, Total:     5, Duration: 15 s - SQCD.Agv.WireToGateG2Tests.dll (net8.0)
