Test run for C:\Users\szy\Desktop\8005-workspace-v2\worktrees\hmi228-8005-agv-onboard-hmi\tests\SQCD.Agv.WireToGateG2Tests\bin\Release\net8.0-windows\win-x64\SQCD.Agv.WireToGateG2Tests.dll (.NETCoreApp,Version=v8.0)
VSTest version 17.11.1 (x64)

Starting test execution, please wait...
A total of 1 test files matched the specified pattern.
[xUnit.net 00:00:01.55]     SQCD.Agv.WireToGateG2Tests.MultiDemandJourneyG2Tests.AnEntryRefusedLocallyIsAMessageToTheOperatorAndNotALatchedVehicle [FAIL]
[xUnit.net 00:00:01.87]     SQCD.Agv.WireToGateG2Tests.MultiDemandJourneyG2Tests.ALoadRefusedOverAnOccupiedSlotOffersCompensationForThatDemandNotTheLastCompletedOne [FAIL]
  Failed SQCD.Agv.WireToGateG2Tests.MultiDemandJourneyG2Tests.AnEntryRefusedLocallyIsAMessageToTheOperatorAndNotALatchedVehicle [340 ms]
  Error Message:
   worklist revision 2 shut the scan entry
  Stack Trace:
     at SQCD.Agv.WireToGateG2Tests.MultiDemandJourneyG2Tests.<>c__DisplayClass94_0.<AnEntryRefusedLocallyIsAMessageToTheOperatorAndNotALatchedVehicle>b__4() in C:\Users\szy\Desktop\8005-workspace-v2\worktrees\hmi228-8005-agv-onboard-hmi\tests\SQCD.Agv.WireToGateG2Tests\MultiDemandJourneyG2Tests.Paths.cs:line 378
   at SQCD.Agv.WireToGateG2Tests.MultiDemandJourneyG2Tests.AssertWhileAsync(TimeSpan window, Action assertion, CancellationToken token) in C:\Users\szy\Desktop\8005-workspace-v2\worktrees\hmi228-8005-agv-onboard-hmi\tests\SQCD.Agv.WireToGateG2Tests\MultiDemandJourneyG2Tests.QueuedSlotCommandDisplay.cs:line 344
   at SQCD.Agv.WireToGateG2Tests.MultiDemandJourneyG2Tests.AnEntryRefusedLocallyIsAMessageToTheOperatorAndNotALatchedVehicle() in C:\Users\szy\Desktop\8005-workspace-v2\worktrees\hmi228-8005-agv-onboard-hmi\tests\SQCD.Agv.WireToGateG2Tests\MultiDemandJourneyG2Tests.Paths.cs:line 376
   at SQCD.Agv.WireToGateG2Tests.MultiDemandJourneyG2Tests.AnEntryRefusedLocallyIsAMessageToTheOperatorAndNotALatchedVehicle() in C:\Users\szy\Desktop\8005-workspace-v2\worktrees\hmi228-8005-agv-onboard-hmi\tests\SQCD.Agv.WireToGateG2Tests\MultiDemandJourneyG2Tests.Paths.cs:line 402
--- End of stack trace from previous location ---
  Failed SQCD.Agv.WireToGateG2Tests.MultiDemandJourneyG2Tests.ALoadRefusedOverAnOccupiedSlotOffersCompensationForThatDemandNotTheLastCompletedOne [311 ms]
  Error Message:
   a completed load with nothing refused opened the compensation entry
  Stack Trace:
     at SQCD.Agv.WireToGateG2Tests.MultiDemandJourneyG2Tests.<>c__DisplayClass70_0.<ALoadRefusedOverAnOccupiedSlotOffersCompensationForThatDemandNotTheLastCompletedOne>b__6() in C:\Users\szy\Desktop\8005-workspace-v2\worktrees\hmi228-8005-agv-onboard-hmi\tests\SQCD.Agv.WireToGateG2Tests\MultiDemandJourneyG2Tests.OccupancyConflictRecovery.cs:line 108
   at SQCD.Agv.WireToGateG2Tests.MultiDemandJourneyG2Tests.AssertWhileAsync(TimeSpan window, Action assertion, CancellationToken token) in C:\Users\szy\Desktop\8005-workspace-v2\worktrees\hmi228-8005-agv-onboard-hmi\tests\SQCD.Agv.WireToGateG2Tests\MultiDemandJourneyG2Tests.QueuedSlotCommandDisplay.cs:line 344
   at SQCD.Agv.WireToGateG2Tests.MultiDemandJourneyG2Tests.ALoadRefusedOverAnOccupiedSlotOffersCompensationForThatDemandNotTheLastCompletedOne() in C:\Users\szy\Desktop\8005-workspace-v2\worktrees\hmi228-8005-agv-onboard-hmi\tests\SQCD.Agv.WireToGateG2Tests\MultiDemandJourneyG2Tests.OccupancyConflictRecovery.cs:line 106
   at SQCD.Agv.WireToGateG2Tests.MultiDemandJourneyG2Tests.ALoadRefusedOverAnOccupiedSlotOffersCompensationForThatDemandNotTheLastCompletedOne() in C:\Users\szy\Desktop\8005-workspace-v2\worktrees\hmi228-8005-agv-onboard-hmi\tests\SQCD.Agv.WireToGateG2Tests\MultiDemandJourneyG2Tests.OccupancyConflictRecovery.cs:line 119
--- End of stack trace from previous location ---
[xUnit.net 00:00:03.45]     SQCD.Agv.WireToGateG2Tests.WireToGateG2Tests.MessagesBetweenTheActivationResultAndItsAckAreHandledAndTheSessionStaysUp [FAIL]
  Failed SQCD.Agv.WireToGateG2Tests.WireToGateG2Tests.MessagesBetweenTheActivationResultAndItsAckAreHandledAndTheSessionStaysUp [2 s]
  Error Message:
   Assert.Equal() Failure: Values differ
Expected: Tuple (3, 1, 1, True, Ready)
Actual:   Tuple (2, 1, 1, True, Ready)
  Stack Trace:
     at SQCD.Agv.WireToGateG2Tests.WireToGateG2Tests.MessagesBetweenTheActivationResultAndItsAckAreHandledAndTheSessionStaysUp() in C:\Users\szy\Desktop\8005-workspace-v2\worktrees\hmi228-8005-agv-onboard-hmi\tests\SQCD.Agv.WireToGateG2Tests\WireToGateG2Tests.ActivationResultAck.cs:line 101
   at SQCD.Agv.WireToGateG2Tests.WireToGateG2Tests.MessagesBetweenTheActivationResultAndItsAckAreHandledAndTheSessionStaysUp() in C:\Users\szy\Desktop\8005-workspace-v2\worktrees\hmi228-8005-agv-onboard-hmi\tests\SQCD.Agv.WireToGateG2Tests\WireToGateG2Tests.ActivationResultAck.cs:line 116
   at SQCD.Agv.WireToGateG2Tests.WireToGateG2Tests.MessagesBetweenTheActivationResultAndItsAckAreHandledAndTheSessionStaysUp() in C:\Users\szy\Desktop\8005-workspace-v2\worktrees\hmi228-8005-agv-onboard-hmi\tests\SQCD.Agv.WireToGateG2Tests\WireToGateG2Tests.ActivationResultAck.cs:line 116
--- End of stack trace from previous location ---

Failed!  - Failed:     3, Passed:     0, Skipped:     0, Total:     3, Duration: 2 s - SQCD.Agv.WireToGateG2Tests.dll (net8.0)
