Test run for C:\Users\szy\Desktop\8005-workspace-v2\worktrees\hmi228-8005-agv-onboard-hmi\tests\SQCD.Agv.WireToGateG2Tests\bin\Release\net8.0-windows\win-x64\SQCD.Agv.WireToGateG2Tests.dll (.NETCoreApp,Version=v8.0)
VSTest version 17.11.1 (x64)

Starting test execution, please wait...
A total of 1 test files matched the specified pattern.
[xUnit.net 00:00:06.71]     SQCD.Agv.WireToGateG2Tests.MultiDemandJourneyG2Tests.AStaleWorklistRefusalWithdrawsTheRequestEvenBeforeTheClosureSnapshot [FAIL]
[xUnit.net 00:00:07.07]     SQCD.Agv.WireToGateG2Tests.RecoveryVectorG2Tests.AClosedSnapshotWhoseFallbackFailedIsReplayedUntilItForgetsTheRefusedVector [FAIL]
  Failed SQCD.Agv.WireToGateG2Tests.MultiDemandJourneyG2Tests.AStaleWorklistRefusalWithdrawsTheRequestEvenBeforeTheClosureSnapshot [5 s]
  Error Message:
   Timed out after 5s waiting for: view model shut the scan entry after the stale refusal. UI errors: []
  Stack Trace:
     at SQCD.Agv.WireToGateG2Tests.MultiDemandJourneyG2Tests.Harness.WaitUntilAsync(Func`1 predicate, String expectation, CancellationToken cancellationToken) in C:\Users\szy\Desktop\8005-workspace-v2\worktrees\hmi228-8005-agv-onboard-hmi\tests\SQCD.Agv.WireToGateG2Tests\MultiDemandJourneyG2Tests.cs:line 607
   at SQCD.Agv.WireToGateG2Tests.MultiDemandJourneyG2Tests.AStaleWorklistRefusalWithdrawsTheRequestEvenBeforeTheClosureSnapshot() in C:\Users\szy\Desktop\8005-workspace-v2\worktrees\hmi228-8005-agv-onboard-hmi\tests\SQCD.Agv.WireToGateG2Tests\MultiDemandJourneyG2Tests.EntryRequestExpiry.cs:line 434
   at SQCD.Agv.WireToGateG2Tests.MultiDemandJourneyG2Tests.AStaleWorklistRefusalWithdrawsTheRequestEvenBeforeTheClosureSnapshot() in C:\Users\szy\Desktop\8005-workspace-v2\worktrees\hmi228-8005-agv-onboard-hmi\tests\SQCD.Agv.WireToGateG2Tests\MultiDemandJourneyG2Tests.EntryRequestExpiry.cs:line 442
--- End of stack trace from previous location ---
  Failed SQCD.Agv.WireToGateG2Tests.RecoveryVectorG2Tests.AClosedSnapshotWhoseFallbackFailedIsReplayedUntilItForgetsTheRefusedVector [5 s]
  Error Message:
   Timed out after 5s waiting for: the replayed CLOSED snapshot to be acknowledged
  Stack Trace:
     at SQCD.Agv.WireToGateG2Tests.RecoveryVectorG2Tests.RecoveryVectorHarness.WaitUntilAsync(Func`1 predicate, String expectation, CancellationToken cancellationToken) in C:\Users\szy\Desktop\8005-workspace-v2\worktrees\hmi228-8005-agv-onboard-hmi\tests\SQCD.Agv.WireToGateG2Tests\RecoveryVectorG2Tests.cs:line 1794
   at SQCD.Agv.WireToGateG2Tests.RecoveryVectorG2Tests.AssertTheReplayedClosedSnapshotForgetsTheSessionAsync(RecoveryVectorHarness harness, CancellationToken token) in C:\Users\szy\Desktop\8005-workspace-v2\worktrees\hmi228-8005-agv-onboard-hmi\tests\SQCD.Agv.WireToGateG2Tests\RecoveryVectorG2Tests.ClosedSnapshotRetry.cs:line 270
   at SQCD.Agv.WireToGateG2Tests.RecoveryVectorG2Tests.AClosedSnapshotWhoseFallbackFailedIsReplayedUntilItForgetsTheRefusedVector() in C:\Users\szy\Desktop\8005-workspace-v2\worktrees\hmi228-8005-agv-onboard-hmi\tests\SQCD.Agv.WireToGateG2Tests\RecoveryVectorG2Tests.ClosedSnapshotRetry.cs:line 58
   at SQCD.Agv.WireToGateG2Tests.RecoveryVectorG2Tests.AClosedSnapshotWhoseFallbackFailedIsReplayedUntilItForgetsTheRefusedVector() in C:\Users\szy\Desktop\8005-workspace-v2\worktrees\hmi228-8005-agv-onboard-hmi\tests\SQCD.Agv.WireToGateG2Tests\RecoveryVectorG2Tests.ClosedSnapshotRetry.cs:line 59
--- End of stack trace from previous location ---
[xUnit.net 00:00:12.52]     SQCD.Agv.WireToGateG2Tests.RecoveryVectorG2Tests.AClosedSnapshotWhoseFallbackFailedIsReplayedUntilItForgetsTheRefusedResume [FAIL]
  Failed SQCD.Agv.WireToGateG2Tests.RecoveryVectorG2Tests.AClosedSnapshotWhoseFallbackFailedIsReplayedUntilItForgetsTheRefusedResume [5 s]
  Error Message:
   Timed out after 5s waiting for: the replayed CLOSED snapshot to be acknowledged
  Stack Trace:
     at SQCD.Agv.WireToGateG2Tests.RecoveryVectorG2Tests.RecoveryVectorHarness.WaitUntilAsync(Func`1 predicate, String expectation, CancellationToken cancellationToken) in C:\Users\szy\Desktop\8005-workspace-v2\worktrees\hmi228-8005-agv-onboard-hmi\tests\SQCD.Agv.WireToGateG2Tests\RecoveryVectorG2Tests.cs:line 1794
   at SQCD.Agv.WireToGateG2Tests.RecoveryVectorG2Tests.AssertTheReplayedClosedSnapshotForgetsTheSessionAsync(RecoveryVectorHarness harness, CancellationToken token) in C:\Users\szy\Desktop\8005-workspace-v2\worktrees\hmi228-8005-agv-onboard-hmi\tests\SQCD.Agv.WireToGateG2Tests\RecoveryVectorG2Tests.ClosedSnapshotRetry.cs:line 270
   at SQCD.Agv.WireToGateG2Tests.RecoveryVectorG2Tests.AClosedSnapshotWhoseFallbackFailedIsReplayedUntilItForgetsTheRefusedResume() in C:\Users\szy\Desktop\8005-workspace-v2\worktrees\hmi228-8005-agv-onboard-hmi\tests\SQCD.Agv.WireToGateG2Tests\RecoveryVectorG2Tests.ClosedSnapshotRetry.cs:line 98
   at SQCD.Agv.WireToGateG2Tests.RecoveryVectorG2Tests.AClosedSnapshotWhoseFallbackFailedIsReplayedUntilItForgetsTheRefusedResume() in C:\Users\szy\Desktop\8005-workspace-v2\worktrees\hmi228-8005-agv-onboard-hmi\tests\SQCD.Agv.WireToGateG2Tests\RecoveryVectorG2Tests.ClosedSnapshotRetry.cs:line 99
--- End of stack trace from previous location ---

Failed!  - Failed:     3, Passed:     0, Skipped:     0, Total:     3, Duration: 11 s - SQCD.Agv.WireToGateG2Tests.dll (net8.0)
