2026-09-19T19:53:26.4994549+08:00	Information	App	车载端启动：agvId=AGV-L2-001，environment=Development，version=0.2.0-safety-mock-travel+d21b3e80df903bee47fbb3243081350a17f8dd7d。
2026-09-19T19:53:27.3543434+08:00	Information	ModbusTcpIoModuleClient	已连接IO模块 127.0.0.1:48412，UnitId=255。
2026-09-19T19:53:27.3786772+08:00	Information	OnboardController	IO模块在线。
2026-09-19T19:53:27.3812173+08:00	Information	OnboardController	启动IO安全快照验证通过。
2026-09-19T19:53:28.0824825+08:00	Information	WireToGateSessionService	上层会话已建立：generation=1，readiness=Ready。
2026-09-19T19:53:35.3496155+08:00	Information	App	服务端请求录入Sublot：station=N1-3_N1-7，revision=1，expectedSublots=L2-CS189-20260919T115258443Z。 
2026-09-19T19:53:36.0306593+08:00	Information	App	服务端请求录入Sublot：station=N1-3_N1-7，revision=1，expectedSublots=L2-CS189-20260919T115258443Z。 
2026-09-19T19:53:36.3480553+08:00	Information	ModbusTcpIoModuleClient	已向物理1号仓发送开锁脉冲触发，DO地址=100。硬件负责自动复位。 
2026-09-19T19:53:36.3806593+08:00	Information	ModbusTcpIoModuleClient	1号仓IO变化：DO 0->1，锁DI 1->1，光幕DI 1->1。
2026-09-19T19:53:36.4973487+08:00	Information	ModbusTcpIoModuleClient	1号仓IO变化：DO 1->1，锁DI 1->0，光幕DI 1->1。
2026-09-19T19:53:36.9472150+08:00	Information	ModbusTcpIoModuleClient	1号仓IO变化：DO 1->0，锁DI 0->0，光幕DI 1->1。
2026-09-19T19:53:37.0200544+08:00	Information	WireToGateBusinessService	忽略并发重复SlotOperationCommand：attempt=ee8bb4a6-7aec-fc5c-a477-3847ba3a85b3。
2026-09-19T19:53:38.2811161+08:00	Warning	WireToGateSessionService	上层会话不可用：WIRE_TO_GATE会话尚未建立。。将在2秒后重连。
2026-09-19T19:53:40.4070614+08:00	Information	WireToGateSessionService	上层会话已建立：generation=2，readiness=RecoveryRequired。
2026-09-19T19:53:43.4517599+08:00	Information	ModbusTcpIoModuleClient	1号仓IO变化：DO 0->0，锁DI 0->0，光幕DI 1->0。
2026-09-19T19:53:43.5748404+08:00	Information	ModbusTcpIoModuleClient	1号仓IO变化：DO 0->0，锁DI 0->1，光幕DI 0->0。
2026-09-19T19:53:43.9412609+08:00	Warning	WireToGateBusinessService	仓位操作进度未能发送，不影响仓位判定：attempt=ee8bb4a6-7aec-fc5c-a477-3847ba3a85b3，phase=VERIFYING，round=0，error=InvalidOperationException。
2026-09-19T19:53:43.9534587+08:00	Warning	WireToGateBusinessService	仓位操作进度未能发送，不影响仓位判定：attempt=ee8bb4a6-7aec-fc5c-a477-3847ba3a85b3，phase=SAFE_FINISH，round=0，error=InvalidOperationException。
2026-09-19T19:53:44.1980162+08:00	Information	WireToGateBusinessService	忽略重复SlotOperationCommand：attempt=ee8bb4a6-7aec-fc5c-a477-3847ba3a85b3，保留原OperationResult重放。
2026-09-19T19:53:45.4096087+08:00	Warning	WireToGateSessionService	上层会话不可用：WIRE_TO_GATE会话尚未建立。。将在2秒后重连。
2026-09-19T19:53:47.4878161+08:00	Information	WireToGateSessionService	上层会话已建立：generation=3，readiness=Ready。
