2026-09-19T15:55:47.7326925+08:00	Information	App	车载端启动：agvId=AGV-L2-001，environment=Development，version=0.2.0-safety-mock-travel+4e5cfcdb5aa5b30ef203cf06efb96f7438bd4a6e。
2026-09-19T15:55:48.7524357+08:00	Information	ModbusTcpIoModuleClient	已连接IO模块 127.0.0.1:48412，UnitId=255。
2026-09-19T15:55:48.7775597+08:00	Information	OnboardController	IO模块在线。
2026-09-19T15:55:48.7790891+08:00	Information	OnboardController	启动IO安全快照验证通过。
2026-09-19T15:55:49.4488551+08:00	Information	WireToGateSessionService	上层会话已建立：generation=1，readiness=Ready。
2026-09-19T15:55:57.8100195+08:00	Information	App	服务端请求录入Sublot：station=N1-3_N1-7，revision=1，expectedSublots=L2-CR-20260919T075509383Z。 
2026-09-19T15:55:58.5713517+08:00	Information	App	服务端请求录入Sublot：station=N1-3_N1-7，revision=1，expectedSublots=L2-CR-20260919T075509383Z。 
2026-09-19T15:55:58.8538613+08:00	Information	ModbusTcpIoModuleClient	已向物理1号仓发送开锁脉冲触发，DO地址=100。硬件负责自动复位。 
2026-09-19T15:55:58.8815843+08:00	Information	ModbusTcpIoModuleClient	1号仓IO变化：DO 0->1，锁DI 1->1，光幕DI 1->1。
2026-09-19T15:55:59.0071187+08:00	Information	ModbusTcpIoModuleClient	1号仓IO变化：DO 1->1，锁DI 1->0，光幕DI 1->1。
2026-09-19T15:55:59.4551749+08:00	Information	ModbusTcpIoModuleClient	1号仓IO变化：DO 1->0，锁DI 0->0，光幕DI 1->1。
2026-09-19T15:55:59.5616323+08:00	Information	WireToGateBusinessService	忽略并发重复SlotOperationCommand：attempt=88b51c6f-cf42-a85b-ae6e-4f0caaf5ad50。
2026-09-19T15:56:01.1066493+08:00	Information	App	车载端启动：agvId=AGV-L2-001，environment=Development，version=0.2.0-safety-mock-travel+4e5cfcdb5aa5b30ef203cf06efb96f7438bd4a6e。
2026-09-19T15:56:02.0501960+08:00	Information	ModbusTcpIoModuleClient	已连接IO模块 127.0.0.1:48412，UnitId=255。
2026-09-19T15:56:02.0640204+08:00	Information	OnboardController	IO模块在线。
2026-09-19T15:56:02.0665654+08:00	Information	OnboardController	启动IO安全快照验证通过。
2026-09-19T15:56:02.5391230+08:00	Information	WireToGateSessionService	上层会话已建立：generation=2，readiness=RecoveryRequired。
2026-09-19T15:56:02.5616542+08:00	Warning	WireToGateBusinessService	上次仓位操作在执行中中断，未再输出开锁，按实时IO结算：attempt=88b51c6f-cf42-a85b-ae6e-4f0caaf5ad50，outcome=UNKNOWN，checkpoint=SAFE_FINISH_REACHED。
2026-09-19T15:56:07.5493508+08:00	Warning	WireToGateSessionService	上层会话不可用：WIRE_TO_GATE会话尚未建立。。将在2秒后重连。
2026-09-19T15:56:09.6406564+08:00	Information	WireToGateSessionService	上层会话已建立：generation=3，readiness=Ready。
2026-09-19T15:56:15.7763822+08:00	Information	App	服务端请求录入Sublot：station=N1-3_N1-7，revision=3，expectedSublots=L2-CR-20260919T075509383Z-NEXT。 
