Already up to date
Done in 671ms using pnpm v11.25.0

   ╭────────────────────────────────────────────────────────────────────────╮
   │                                                                        │
   │                  Update available! 11.25.0 → 12.4.1.                   │
   │                  Changelog: https://pnpm.io/v/12.4.1                   │
   │   To update, run: Invoke-WebRequest https://get.pnpm.io/install.ps1    │
   │                 -UseBasicParsing | Invoke-Expression                   │
   │                                                                        │
   ╰────────────────────────────────────────────────────────────────────────╯

$ node tools/g1-validate.mjs
{
  "gate": "G1",
  "status": "PASS",
  "candidateManifestSha256": "a0e1deedb50419057dbe6aa7a7e8df983fb9ea901bbc452f97020ebf4743ef23",
  "approvalAttestationStatus": "PENDING",
  "approvalAttestationSha256": "476d770fd62696775d4e05f3279859e66eba225869605d9eaecee2df5121d9d1",
  "approvalAttestationSource": "TRACKED_TEMPLATE",
  "schemaCount": 69,
  "messageTypeCount": 63,
  "validExampleCount": 63,
  "invalidExampleCount": 1548,
  "trajectoryCount": 31,
  "integrationSliceCount": 16,
  "checkedAt": "2026-09-04T00:00:00Z",
  "failures": []
}
